F411 // lil    r1, 0xF      : r1      <- 0xF
0521 // addpci r2, 0x20     : r2      <- 0x20 + 0x02 = 0x22
0020 // ...
0331 // li     r3, 0x22     : r3      <- 0x22
0022 // ...
4342 // addpc  r4, r3       : r4      <- pc + 0x22
0153 // sho    r1, [r0] +0  : dmem[0] <- 0xF
0000 // ...
0051 // jal    r5           : r5      <- pc+4 = 0x18
0018 // ...
//=====================================================
// We jump over the next two lines: dmem[ 0] = 0xF
//=====================================================
0053 // sho r0, [r0] +0  : dmem[0] <- 0x0 (not executed)
0000 // ...                               (not executed)
//=====================================================
0153 // sho r1, [r0] +2  : dmem[2] <- 0xF
0002 // ...
1262 // jalr r6, r2      : r6      <- pc+2 = 0x1E
//=====================================================
// We jump over the next two lines: dmem[ 2] = 0xF
//=====================================================
0053 // sho r0, [r0] +2  : dmem[2] <- 0x0 (not executed)
0002 // ...                               (not executed)
//=====================================================
0153 // sho    r1, [r0] +4  : dmem[4] <- 0xF
0004 // ...
1472 // jalr r7, r4         : r7 <- pc+2 = 0x28
//=====================================================
// We jump over the next two lines: dmem[ 4] = 0xF
//=====================================================
0053 // sho r0, [r0] +4  : dmem[4] <- 0x0 (not executed)
0004 // ...                               (not executed)
//=====================================================
0553 // sho r5, [r0] +6  : dmem[6] <- r5 = 0x14
0006 // ...
0653 // sho r6, [r0] +8  : dmem[8] <- r6 = 0x1E
0008 // ...
0753 // sho r7, [r0] +A  : dmem[A] <- r7 = 0x28
000A // ...
